// Jest Snapshot v1, https://goo.gl/fbAQLP

exports[`Component Task renders correctly 1`] = `
"<div class=\\"list-group-item d-flex justify-content-between align-items-center\\"><div>
        My Task<input type=\\"checkbox\\" class=\\"ml-3\\"> <div to=\\"[object Object]\\"></div></div> <button id=\\"delete\\" type=\\"button\\" class=\\"btn btn-sm btn-danger\\">
        Delete
    </button></div>"
`;
